::1 - - [07/Feb/2026 22:03:30] "GET /?id=c778918d-3d30-4672-b70f-18679461ac81&vscodeBrowserReqId=1770519810951 HTTP/1.1" 200 -
::1 - - [07/Feb/2026 22:03:41] "GET / HTTP/1.1" 200 -
::1 - - [07/Feb/2026 22:03:56] "GET /?id=c778918d-3d30-4672-b70f-18679461ac81&vscodeBrowserReqId=1770519836325 HTTP/1.1" 200 -
::1 - - [07/Feb/2026 22:10:36] "GET / HTTP/1.1" 304 -
::1 - - [07/Feb/2026 22:10:38] "GET / HTTP/1.1" 304 -
::1 - - [07/Feb/2026 22:11:07] "GET /?id=c778918d-3d30-4672-b70f-18679461ac81&vscodeBrowserReqId=1770520267349 HTTP/1.1" 200 -
::1 - - [07/Feb/2026 22:12:43] "GET /?id=c778918d-3d30-4672-b70f-18679461ac81&vscodeBrowserReqId=1770520363690 HTTP/1.1" 200 -
::1 - - [07/Feb/2026 22:17:25] "GET /?id=c778918d-3d30-4672-b70f-18679461ac81&vscodeBrowserReqId=1770520645703 HTTP/1.1" 200 -
::1 - - [07/Feb/2026 22:23:59] "GET /?id=c778918d-3d30-4672-b70f-18679461ac81&vscodeBrowserReqId=1770521039007 HTTP/1.1" 200 -
::1 - - [07/Feb/2026 22:24:42] "GET /?id=c778918d-3d30-4672-b70f-18679461ac81&vscodeBrowserReqId=1770521082035 HTTP/1.1" 200 -
::1 - - [07/Feb/2026 22:25:15] "GET / HTTP/1.1" 200 -
::1 - - [07/Feb/2026 22:25:15] "GET /css/styles.css HTTP/1.1" 200 -
::1 - - [07/Feb/2026 22:25:15] "GET /css/features.css HTTP/1.1" 200 -
::1 - - [07/Feb/2026 22:25:15] "GET /js/charts.js?v=3 HTTP/1.1" 200 -
::1 - - [07/Feb/2026 22:25:15] "GET /js/api.js?v=4 HTTP/1.1" 200 -
::1 - - [07/Feb/2026 22:25:15] "GET /js/triangulation.js?v=1 HTTP/1.1" 200 -
::1 - - [07/Feb/2026 22:25:15] "GET /js/app.js?v=4 HTTP/1.1" 200 -
::1 - - [07/Feb/2026 22:25:15] code 404, message File not found
::1 - - [07/Feb/2026 22:25:15] "GET /favicon.ico HTTP/1.1" 404 -
::1 - - [07/Feb/2026 22:27:12] "GET /?id=f5b5f8e3-7637-49f2-844b-6e1fd09af7e2&vscodeBrowserReqId=1770521232546 HTTP/1.1" 200 -
